Turbo Assembler	 Version 4.1	    10/03/24 17:29:55	    Page 1
lab_r.asm



      1	0000			     _STACK  segment para stack
      2	0000  0400*(??)			     db	     1024 dup(?)
      3	0400			     _STACK  ends
      4
      5	0000			     data    segment
      6					     ;array	  db "Hello!g" , "$"; Исходный массив
      7	0000  000A 0014	001E 0028 +	     array	 dw 10,	20, 30,	40, 50,	60, 70,	80 ; Исходный массив
      8	      0032 003C	0046 0050
      9	0010  0003			     lowIndex	 dw 3				   ; Низкая граница
     10	0012  0006			     highIndex	 dw 6				     ; Высокая граница
     11	0014  0008			     count	 dw 8				     ; Количество элементов
     12	0016  08*(??)			     result	 db 8 dup(?)			     ; Массив результата
     13	001E			     data    ends
     14
     15	0000			     code    segment byte public
     16					     assume  cs:code, ds:data, ss:_STACK
     17
     18	0000			     main:
     19					     ; Инициализация сегментного регистра данных
     20	0000  B8 0000s			     mov     ax, data
     21	0003  8E D8			     mov     ds, ax
     22
     23					     ; Инициализация индекса
     24	0005  8B 0E 0014r		     mov     cx, count		; Количество элементов в массиве
     25	0009  BE 0000r			     lea     si, array		; Адрес	исходного массива
     26	000C  BF 0016r			     lea     di, result		; Адрес	результирующего	массива
     27	000F  8B 1E 0010r		     mov     bx, lowIndex	; Низкий индекс
     28	0013  8B 16 0012r		     mov     dx, highIndex	; Высокий индекс
     29
     30	0017  33 C9			     xor     cx, cx		; Обнуляем cx для использования	как счетчика
     31	0019			     next_element:
     32	0019  3B CB			     cmp     cx, bx		; Сравниваем текущий индекс с низким индексом
     33	001B  72 0A			     jb	     not_in_bounds	 ; Если	текущий	индекс меньше, переходим к not_in_bounds
     34	001D  3B CA			     cmp     cx, dx		; Сравниваем текущий индекс с высоким индексом
     35	001F  77 06			     ja	     not_in_bounds	; Если текущий индекс больше, переходим	к not_in_bounds
     36
     37					     ; Если индекс в пределах границ
     38	0021  C6 05 31			     mov     byte ptr [di], "1"	  ; Записываем 1 в результирующий массив
     39	0024  EB 04 90			     jmp     increment_index	 ; Переходим к увеличению индекса
     40
     41	0027			     not_in_bounds:
     42	0027  C6 05 30			     mov     byte ptr [di], "0"	  ; Записываем 0 в результирующий массив
     43
     44	002A			     increment_index:
     45	002A  41			     inc     cx			 ; Увеличиваем текущий индекс
     46	002B  83 C7 01			     add     di, 1		 ; Переход к следующему	элементу результирующего массива
     47	002E  3B 0E 0014r		     cmp     cx, count		 ; Проверяем, достигли ли конца	массива
     48	0032  7C E5			     jl	     next_element	 ; Если	нет, продолжаем	цикл
     49
     50				     ; Вывод результата
     51	0034  BE 0016r		     lea     si, result		     ; Адрес результирующего массива
     52	0037  8B 0E 0014r	     mov     cx, count		     ; Количество элементов для	вывода
     53
     54				     ;print_result:
     55				     ;	  mov	  al, [si]	      ;	Загружаем байт из результирующего массива
     56				     ;	  add	  al, '0'	      ;	Преобразуем 0/1	в символ '0'/'1'
     57				     ;	  mov	  ah, 02h	      ;	Функция	вывода символа
Turbo Assembler	 Version 4.1	    10/03/24 17:29:55	    Page 2
lab_r.asm



     58				     ;	  int	  21h		      ;	Вызов DOS
     59				     ;	  inc	  si		       ; Переход к следующему байту
     60				     ;	  loop	  print_result	       ; Повторяем, пока не выведем все
     61
     62	003B			     print_result:
     63
     64	003B  8B D6			     mov dx, offset si
     65	003D  B4 09			     mov ah, 09h
     66	003F  CD 21			     int 21h
     67
     68	0041  B8 0024			     mov ax, "$"
     69	0044  8B D0			     mov dx, ax
     70	0046  B4 09			     mov ah, 09h
     71	0048  CD 21			     int 21h
     72
     73				     ; ; Перенос строки
     74				     ; mov     ah, 02h		       ; Функция вывода	символа
     75				     ; mov     dl, 0Dh		       ; Символ	возврата каретки
     76				     ; int     21h		       ; Вызов DOS
     77				     ; mov     dl, 0Ah		       ; Символ	новой строки
     78				     ; int     21h		       ; Вызов DOS
     79
     80					     ; Завершение программы
     81	004A  B8 4C00			     mov     ax, 4C00h	      ;	Завершение программы
     82	004D  CD 21			     int     21h	      ;	Вызов DOS
     83	004F			     code    ends
     84				     end main
Turbo Assembler	 Version 4.1	    10/03/24 17:29:55	    Page 3
Symbol Table




Symbol Name			  Type	 Value

??DATE				  Text	 "10/03/24"
??FILENAME			  Text	 "lab_r	  "
??TIME				  Text	 "17:29:55"
??VERSION			  Number 040A
@CPU				  Text	 0101H
@CURSEG				  Text	 CODE
@FILENAME			  Text	 LAB_R
@WORDSIZE			  Text	 2
ARRAY				  Word	 DATA:0000
COUNT				  Word	 DATA:0014
HIGHINDEX			  Word	 DATA:0012
INCREMENT_INDEX			  Near	 CODE:002A
LOWINDEX			  Word	 DATA:0010
MAIN				  Near	 CODE:0000
NEXT_ELEMENT			  Near	 CODE:0019
NOT_IN_BOUNDS			  Near	 CODE:0027
PRINT_RESULT			  Near	 CODE:003B
RESULT				  Byte	 DATA:0016

Groups & Segments		  Bit Size Align  Combine Class

CODE				  16  004F Byte	  Public
DATA				  16  001E Para	  none
_STACK				  16  0400 Para	  Stack
